// Jest Snapshot v1, https://goo.gl/fbAQLP

exports[`Home Should render when user is authenticated. 1`] = `
<div class="home">
  <helloworld-stub msg="Voulez-vous crouncher avec moi ce soir ?"></helloworld-stub>
  <h1>Connect√©</h1>
  <signup-stub style="display: none;"></signup-stub>
  <login-stub style="display: none;"></login-stub>
</div>
`;

exports[`Home Should render when user is not authenticated. 1`] = `
<div class="home">
  <helloworld-stub msg="Voulez-vous crouncher avec moi ce soir ?"></helloworld-stub>
  <!---->
  <signup-stub></signup-stub>
  <login-stub></login-stub>
</div>
`;
