// Jest Snapshot v1, https://goo.gl/fbAQLP

exports[`Lists Should render. 1`] = `
<div>
  <h1>Listes</h1>
  <createlist-stub style="display: none;"></createlist-stub>
  <displaylists-stub></displaylists-stub>
</div>
`;
