// Jest Snapshot v1, https://goo.gl/fbAQLP

exports[`Logout Should render. 1`] = `<button id="logout">Se d√©connecter</button>`;
