// Jest Snapshot v1, https://goo.gl/fbAQLP

exports[`NotFound Should render a not found page. 1`] = `
<div>
  <h1>Page non trouvÃ©e ðŸ˜²</h1>
</div>
`;
