// Jest Snapshot v1, https://goo.gl/fbAQLP

exports[`DisplayLists Should render. 1`] = `
<div>
  <h2>Listes</h2>
  <ul>
    <li id="list id 1" class="list">list name 1</li>
    <li id="list id 2" class="list">list name 2</li>
  </ul>
</div>
`;
