// Jest Snapshot v1, https://goo.gl/fbAQLP

exports[`ClickButton Should render. 1`] = `<div></div>`;
