// Jest Snapshot v1, https://goo.gl/fbAQLP

exports[`App Should render. 1`] = `
<div id="app">
  <div id="nav">
    <router-link-stub to="/">Home|</router-link-stub>
    <!---->
    <router-link-stub to="/about">About|</router-link-stub>
    <router-link-stub to="/version">Version</router-link-stub>
  </div>
  <router-view-stub></router-view-stub>
</div>
`;
