// Jest Snapshot v1, https://goo.gl/fbAQLP

exports[`Version Should render. 1`] = `
<div>
  <h1>Version</h1>
  <p>
    Front:
    <span>3.2.1</span></p>
  <p>
    Back:
    <span>1.2.3</span></p>
</div>
`;
