// Jest Snapshot v1, https://goo.gl/fbAQLP

exports[`Login Should render. 1`] = `
<div>
  <h2>Login</h2>
  <form>
    <div id="email-error" class="error">Please enter a valid email.</div>
    <div id="password-error" class="error">Please enter a password.</div>
    <!----> <input type="text" placeholder="Email"> <input type="password" placeholder="Password"> <input type="submit" value="Se connecter">
  </form>
</div>
`;
